Could not enumerate all types for 'MyFile'.

It looks like you may be missing binding redirects in the config file for the following assemblies:
NServiceBus.Core.Tests, Version=1.0.0.0, Culture=neutral, PublicKeyToken=b50674d1e0c6ce54
For more information see http://msdn.microsoft.com/en-us/library/7wd6ex19(v=vs.100).aspx

Try to add the following binding redirects to the config file:
<runtime>
    <assemblyBinding xmlns="urn:schemas-microsoft-com:asm.v1">
        <dependentAssembly>
            <assemblyIdentity name="NServiceBus.Core" publicKeyToken="9fc386479f8a226c" culture="neutral" />
            <bindingRedirect oldVersion="0.0.0.0-8.0.0.0" newVersion="8.0.0.0" />
        </dependentAssembly>
    </assemblyBinding>
</runtime>