Could not enumerate all types for 'MyFile'.

Try to add the following binding redirects to the config file:
<runtime>
    <assemblyBinding xmlns="urn:schemas-microsoft-com:asm.v1">
        <dependentAssembly>
            <assemblyIdentity name="NServiceBus.Core" publicKeyToken="9fc386479f8a226c" culture="neutral" />
            <bindingRedirect oldVersion="0.0.0.0-8.0.0.0" newVersion="8.0.0.0" />
        </dependentAssembly>
    </assemblyBinding>
</runtime>